  BC.cpp
  BC4BC5.cpp
  BC6HBC7.cpp
  BCDirectCompute.cpp
  DirectXTexCompress.cpp
C:\Users\K024G\OneDrive\デスクトップ\A_CG2\DirectXGame\externals\DirectXTex\BCDirectCompute.cpp(25,18): error C1083: include ファイルを開けません。'BC7Encode_EncodeBlockCS.inc':No such file or directory
  DirectXTexCompressGPU.cpp
  DirectXTexConvert.cpp
  DirectXTexD3D11.cpp
  DirectXTexD3D12.cpp
  DirectXTexDDS.cpp
  DirectXTexFlipRotate.cpp
  DirectXTexHDR.cpp
  DirectXTexImage.cpp
  DirectXTexMipMaps.cpp
  DirectXTexMisc.cpp
  DirectXTexNormalMaps.cpp
  DirectXTexPMAlpha.cpp
  DirectXTexResize.cpp
  DirectXTexTGA.cpp
  DirectXTexUtil.cpp
  コードを生成中...
  コンパイル中...
  DirectXTexWIC.cpp
  コードを生成中...
